/home/runner/work/ESP32Marauder_xiaomiao/ESP32Marauder_xiaomiao/esp32_marauder/SDInterface.cpp: In member function 'bool SDInterface::initSD()':
/home/runner/work/ESP32Marauder_xiaomiao/ESP32Marauder_xiaomiao/esp32_marauder/SDInterface.cpp:37:9: error: 'SdFat' was not declared in this scope
   37 |         SdFat sdfat;
      |         ^~~~~
/home/runner/work/ESP32Marauder_xiaomiao/ESP32Marauder_xiaomiao/esp32_marauder/SDInterface.cpp:38:14: error: 'sdfat' was not declared in this scope
   38 |         if (!sdfat.begin(SdSpiConfig(SD_CS, SHARED_SPI, SD_SCK_MHZ(20), &SPI))) {
      |              ^~~~~
/home/runner/work/ESP32Marauder_xiaomiao/ESP32Marauder_xiaomiao/esp32_marauder/SDInterface.cpp:38:45: error: 'SHARED_SPI' was not declared in this scope
   38 |         if (!sdfat.begin(SdSpiConfig(SD_CS, SHARED_SPI, SD_SCK_MHZ(20), &SPI))) {
      |                                             ^~~~~~~~~~
/home/runner/work/ESP32Marauder_xiaomiao/ESP32Marauder_xiaomiao/esp32_marauder/SDInterface.cpp:38:57: error: 'SD_SCK_MHZ' was not declared in this scope; did you mean 'SD_SCK'?
   38 |         if (!sdfat.begin(SdSpiConfig(SD_CS, SHARED_SPI, SD_SCK_MHZ(20), &SPI))) {
      |                                                         ^~~~~~~~~~
      |                                                         SD_SCK
/home/runner/work/ESP32Marauder_xiaomiao/ESP32Marauder_xiaomiao/esp32_marauder/SDInterface.cpp:38:26: error: 'SdSpiConfig' was not declared in this scope
   38 |         if (!sdfat.begin(SdSpiConfig(SD_CS, SHARED_SPI, SD_SCK_MHZ(20), &SPI))) {
      |                          ^~~~~~~~~~~

[92mUsed library[0m        [92mVersion[0m [90mPath[0m
[93mWiFi[0m                3.3.4   [90m/home/runner/.arduino15/packages/esp32/hardware/esp32/3.3.4/libraries/WiFi[0m
[93mNetworking[0m          3.3.4   [90m/home/runner/.arduino15/packages/esp32/hardware/esp32/3.3.4/libraries/Network[0m
[93mArduinoJson[0m         6.18.2  [90m/home/runner/Arduino/libraries/ArduinoJson[0m
[93mNimBLE-Arduino[0m      2.3.8   [90m/home/runner/Arduino/libraries/NimBLE-Arduino[0m
[93mESP32Ping[0m           1.6     [90m/home/runner/Arduino/libraries/ESP32Ping[0m
[93mESP Async WebServer[0m 2.10.4  [90m/home/runner/Arduino/libraries/ESPAsyncWebServer[0m
[93mFS[0m                  3.3.4   [90m/home/runner/.arduino15/packages/esp32/hardware/esp32/3.3.4/libraries/FS[0m
[93mAsync TCP[0m           3.4.8   [90m/home/runner/Arduino/libraries/AsyncTCP[0m
[93mDNSServer[0m           3.3.4   [90m/home/runner/.arduino15/packages/esp32/hardware/esp32/3.3.4/libraries/DNSServer[0m
[93mESP32 Async UDP[0m     3.3.4   [90m/home/runner/.arduino15/packages/esp32/hardware/esp32/3.3.4/libraries/AsyncUDP[0m
[93mSPIFFS[0m              3.3.4   [90m/home/runner/.arduino15/packages/esp32/hardware/esp32/3.3.4/libraries/SPIFFS[0m
[93mLinkedList[0m          1.3.3   [90m/home/runner/Arduino/libraries/LinkedList[0m
[93mSPI[0m                 3.3.4   [90m/home/runner/.arduino15/packages/esp32/hardware/esp32/3.3.4/libraries/SPI[0m
[93mTFT_eSPI[0m            2.5.34  [90m/home/runner/Arduino/libraries/TFT_eSPI[0m
[93mSD[0m                  3.3.4   [90m/home/runner/.arduino15/packages/esp32/hardware/esp32/3.3.4/libraries/SD[0m
[93mUpdate[0m              3.3.4   [90m/home/runner/.arduino15/packages/esp32/hardware/esp32/3.3.4/libraries/Update[0m
[93mWire[0m                3.3.4   [90m/home/runner/.arduino15/packages/esp32/hardware/esp32/3.3.4/libraries/Wire[0m
[93mPreferences[0m         3.3.4   [90m/home/runner/.arduino15/packages/esp32/hardware/esp32/3.3.4/libraries/Preferences[0m
[93mMicroNMEA[0m           2.0.6   [90m/home/runner/Arduino/libraries/MicroNMEA[0m
[93mEspSoftwareSerial[0m   8.1.0   [90m/home/runner/Arduino/libraries/EspSoftwareSerial[0m

[92mUsed platform[0m [92mVersion[0m [90mPath[0m
[93mesp32:esp32[0m   3.3.4   [90m/home/runner/.arduino15/packages/esp32/hardware/esp32/3.3.4[0m
Error during build: exit status 1
-rw-r--r-- 1 runner runner 23664 Jun 29 16:32 /home/runner/work/ESP32Marauder_xiaomiao/ESP32Marauder_xiaomiao/build_out/esp32_marauder.ino.bootloader.bin
++ date -u +%Y%m%d
+ DATE=20260629
+ OUTPUT_BIN=esp32_marauder_v1_0_0_20260629_xiaomiao.bin
+ BUILD_OUT=/home/runner/work/ESP32Marauder_xiaomiao/ESP32Marauder_xiaomiao/build_out
+ echo '=== build_out *.bin ==='
=== build_out *.bin ===
+ ls -la /home/runner/work/ESP32Marauder_xiaomiao/ESP32Marauder_xiaomiao/build_out/esp32_marauder.ino.bootloader.bin
-rw-r--r-- 1 runner runner 23664 Jun 29 16:32 /home/runner/work/ESP32Marauder_xiaomiao/ESP32Marauder_xiaomiao/build_out/esp32_marauder.ino.bootloader.bin
+ INPUT_BIN=/home/runner/work/ESP32Marauder_xiaomiao/ESP32Marauder_xiaomiao/build_out/esp32_marauder.ino.bin
+ '[' '!' -f /home/runner/work/ESP32Marauder_xiaomiao/ESP32Marauder_xiaomiao/build_out/esp32_marauder.ino.bin ']'
+ echo 'expected bin missing, searching build_out...'
expected bin missing, searching build_out...
++ find /home/runner/work/ESP32Marauder_xiaomiao/ESP32Marauder_xiaomiao/build_out -name '*.ino.bin' -type f
++ head -1
+ INPUT_BIN=
+ '[' -z '' ']'
+ echo 'NO BIN FOUND'
NO BIN FOUND
+ ls -laR /home/runner/work/ESP32Marauder_xiaomiao/ESP32Marauder_xiaomiao/build_out
+ head -50
/home/runner/work/ESP32Marauder_xiaomiao/ESP32Marauder_xiaomiao/build_out:
total 1216
drwxr-xr-x  4 runner runner    4096 Jun 29 16:32 .
drwxr-xr-x 23 runner runner    4096 Jun 29 16:32 ..
-rw-r--r--  1 runner runner     759 Jun 29 16:32 build.options.json
-rw-r--r--  1 runner runner       0 Jun 29 16:32 build_opt.h
-rw-r--r--  1 runner runner   23664 Jun 29 16:32 esp32_marauder.ino.bootloader.bin
-rw-r--r--  1 runner runner       0 Jun 29 16:32 file_opts
-rw-r--r--  1 runner runner 1079850 Jun 29 16:32 includes.cache
drwxr-xr-x 20 runner runner    4096 Jun 29 16:32 libraries
-rw-r--r--  1 runner runner    1492 Jun 29 16:32 libraries.cache
-rw-r--r--  1 runner runner     304 Jun 29 16:32 partitions.csv
-rw-r--r--  1 runner runner  110071 Jun 29 16:32 sdkconfig
drwxr-xr-x  3 runner runner    4096 Jun 29 16:33 sketch

/home/runner/work/ESP32Marauder_xiaomiao/ESP32Marauder_xiaomiao/build_out/libraries:
total 80
drwxr-xr-x 20 runner runner 4096 Jun 29 16:32 .
drwxr-xr-x  4 runner runner 4096 Jun 29 16:32 ..
drwxr-xr-x  2 runner runner 4096 Jun 29 16:32 AsyncTCP
drwxr-xr-x  2 runner runner 4096 Jun 29 16:32 AsyncUDP
drwxr-xr-x  2 runner runner 4096 Jun 29 16:32 DNSServer
drwxr-xr-x  2 runner runner 4096 Jun 29 16:32 ESP32Ping
drwxr-xr-x  2 runner runner 4096 Jun 29 16:32 ESPAsyncWebServer
drwxr-xr-x  2 runner runner 4096 Jun 29 16:32 EspSoftwareSerial
drwxr-xr-x  2 runner runner 4096 Jun 29 16:32 FS
drwxr-xr-x  2 runner runner 4096 Jun 29 16:32 MicroNMEA
drwxr-xr-x  2 runner runner 4096 Jun 29 16:32 Network
drwxr-xr-x  3 runner runner 4096 Jun 29 16:32 NimBLE-Arduino
drwxr-xr-x  2 runner runner 4096 Jun 29 16:32 Preferences
drwxr-xr-x  2 runner runner 4096 Jun 29 16:32 SD
drwxr-xr-x  2 runner runner 4096 Jun 29 16:32 SPI
drwxr-xr-x  2 runner runner 4096 Jun 29 16:32 SPIFFS
drwxr-xr-x  2 runner runner 4096 Jun 29 16:32 TFT_eSPI
drwxr-xr-x  2 runner runner 4096 Jun 29 16:32 Update
drwxr-xr-x  2 runner runner 4096 Jun 29 16:32 WiFi
drwxr-xr-x  2 runner runner 4096 Jun 29 16:32 Wire

/home/runner/work/ESP32Marauder_xiaomiao/ESP32Marauder_xiaomiao/build_out/libraries/AsyncTCP:
total 36
drwxr-xr-x  2 runner runner  4096 Jun 29 16:32 .
drwxr-xr-x 20 runner runner  4096 Jun 29 16:32 ..
-rw-r--r--  1 runner runner 27487 Jun 29 16:32 AsyncTCP.cpp.libsdetect.d

/home/runner/work/ESP32Marauder_xiaomiao/ESP32Marauder_xiaomiao/build_out/libraries/AsyncUDP:
total 36
drwxr-xr-x  2 runner runner  4096 Jun 29 16:32 .
drwxr-xr-x 20 runner runner  4096 Jun 29 16:32 ..
-rw-r--r--  1 runner runner 28487 Jun 29 16:32 AsyncUDP.cpp.libsdetect.d

ls: write error: Broken pipe
+ exit 1

=== artifact search (rename step) ===
